Makefile:6: *** missing separator.  Stop.
